---
source: tests/cli_snapshot.rs
info:
  program: recall
  args:
    - health
    - "--json"
  env:
    RECALL_DB: "C:\\Users\\uosmi\\AppData\\Local\\Temp\\.tmpJ39acm\\test.sqlite3"
---
success: true
exit_code: 0
----- stdout -----
{
  "total_chunks": 0,
  "import_chunks": 0,
  "session_chunks": 0,
  "agent_chunks": 0,
  "wing_count": 0,
  "wings": {},
  "import_wings": [],
  "duplicates": [],
  "last_ingest_ts": 1785546056,
  "discoverable_projects": 39,
  "covered_projects": 0,
  "missing_projects": [
    "crew_research",
    "abiotic_factor_re",
    "archwright",
    "asset_production",
    "audio_helper",
    "bigg_pi",
    "blender_plugins",
    "crew_research",
    "disco_elysium_re",
    "ebb_analyzer",
    "game_design_salon",
    "game_slicer",
    "game_workshop",
    "godot_helper",
    "hunter_manager",
    "kc2_mods",
    "kc2_mods_manager",
    "kc2_ui_workshop",
    "lacrosse_bosse",
    "lacrosse_bosse_platform",
    "model_training",
    "neon_nights_analyzer",
    "pinoy_prints",
    "pixelrig",
    "recall",
    "rustacean_academy",
    "sci_phoenix",
    "seamless_clone",
    "shader_library",
    "shadowrun_sega",
    "shadowrun_snes",
    "skald2_re",
    "softswerve",
    "stormworks_station",
    "system_health",
    "tarkies_tester",
    "tkt",
    "vam_slicer",
    "zero_parades_re"
  ],
  "stale_wings": []
}

----- stderr -----
