---
source: tests/cli_snapshot.rs
info:
  program: recall
  args:
    - health
    - "--json"
  env:
    RECALL_DB: "C:\\Users\\uosmi\\AppData\\Local\\Temp\\.tmpS8jPtw\\test.sqlite3"
---
success: true
exit_code: 0
----- stdout -----
{
  "total_chunks": 0,
  "import_chunks": 0,
  "session_chunks": 0,
  "agent_chunks": 0,
  "wing_count": 0,
  "wings": {},
  "import_wings": [],
  "duplicates": [],
  "last_ingest_ts": 0,
  "discoverable_projects": "[N]",
  "covered_projects": 0,
  "missing_projects": ["[FILTERED]"],
  "stale_wings": []
}

----- stderr -----
